\BOOKMARK [-1][-]{part.1}{\376\377\000I\000\040\000I\000m\000p\000l\000\351\000m\000e\000n\000t\000a\000t\000i\000o\000n}{}% 1
\BOOKMARK [0][-]{chapter.1}{\376\377\000T\000e\000c\000h\000n\000o\000l\000o\000g\000i\000e\000s\000\040\000U\000t\000i\000l\000i\000s\000\351\000e\000s}{part.1}% 2
\BOOKMARK [1][-]{section.1.1}{\376\377\000L\000a\000n\000g\000a\000g\000e\000\040\000d\000e\000\040\000p\000r\000o\000g\000r\000a\000m\000m\000a\000t\000i\000o\000n}{chapter.1}% 3
\BOOKMARK [1][-]{section.1.2}{\376\377\000F\000r\000a\000m\000e\000w\000o\000r\000k}{chapter.1}% 4
\BOOKMARK [1][-]{section.1.3}{\376\377\000B\000a\000s\000e\000\040\000d\000e\000\040\000d\000o\000n\000n\000\351\000e\000s}{chapter.1}% 5
\BOOKMARK [1][-]{section.1.4}{\376\377\000O\000u\000t\000i\000l\000s\000\040\000d\000e\000\040\000d\000\351\000v\000e\000l\000o\000p\000p\000e\000m\000e\000n\000t}{chapter.1}% 6
\BOOKMARK [0][-]{chapter.2}{\376\377\000A\000r\000c\000h\000i\000t\000e\000c\000t\000u\000r\000e\000\040\000d\000u\000\040\000S\000y\000s\000t\000\350\000m\000e}{part.1}% 7
\BOOKMARK [1][-]{section.2.1}{\376\377\000O\000r\000g\000a\000n\000i\000s\000a\000t\000i\000o\000n\000\040\000e\000n\000\040\000c\000o\000u\000c\000h\000e\000s}{chapter.2}% 8
\BOOKMARK [1][-]{section.2.2}{\376\377\000D\000e\000s\000c\000r\000i\000p\000t\000i\000o\000n\000\040\000d\000e\000\040\000l\000'\000a\000r\000c\000h\000i\000t\000e\000c\000t\000u\000r\000e}{chapter.2}% 9
\BOOKMARK [1][-]{section.2.3}{\376\377\000M\000o\000d\000e\000\040\000d\000e\000\040\000c\000o\000m\000m\000u\000n\000i\000c\000a\000t\000i\000o\000n}{chapter.2}% 10
\BOOKMARK [0][-]{chapter.3}{\376\377\000M\000o\000d\000u\000l\000e\000s\000\040\000D\000\351\000v\000e\000l\000o\000p\000p\000\351\000s}{part.1}% 11
\BOOKMARK [1][-]{section.3.1}{\376\377\000M\000o\000d\000u\000l\000e\000\040\000G\000e\000s\000t\000i\000o\000n\000\040\000d\000e\000s\000\040\000M\000a\000t\000\351\000r\000i\000e\000l\000s}{chapter.3}% 12
\BOOKMARK [2][-]{subsection.3.1.1}{\376\377\000M\000a\000t\000\351\000r\000i\000e\000l\000\040\000B\000a\000s\000e\000\040\000\050\000/\000a\000p\000i\000/\000c\000o\000m\000p\000t\000a\000\137\000m\000a\000t\000i\000e\000r\000e\000/\000m\000a\000t\000e\000r\000i\000e\000l\000s\000/\000\051}{section.3.1}% 13
\BOOKMARK [2][-]{subsection.3.1.2}{\376\377\000M\000a\000t\000\351\000r\000i\000e\000l\000\040\000M\000\351\000d\000i\000c\000a\000l\000\040\000\050\000/\000a\000p\000i\000/\000c\000o\000m\000p\000t\000a\000\137\000m\000a\000t\000i\000e\000r\000e\000/\000m\000a\000t\000e\000r\000i\000e\000l\000s\000-\000m\000e\000d\000i\000c\000a\000u\000x\000/\000\051}{section.3.1}% 14
\BOOKMARK [2][-]{subsection.3.1.3}{\376\377\000M\000a\000t\000\351\000r\000i\000e\000l\000\040\000D\000u\000r\000a\000b\000l\000e\000\040\000\050\000/\000a\000p\000i\000/\000c\000o\000m\000p\000t\000a\000\137\000m\000a\000t\000i\000e\000r\000e\000/\000m\000a\000t\000e\000r\000i\000e\000l\000s\000-\000d\000u\000r\000a\000b\000l\000e\000s\000/\000\051}{section.3.1}% 15
\BOOKMARK [1][-]{section.3.2}{\376\377\000M\000o\000d\000u\000l\000e\000\040\000G\000e\000s\000t\000i\000o\000n\000\040\000d\000e\000s\000\040\000B\000e\000s\000o\000i\000n\000s}{chapter.3}% 16
\BOOKMARK [1][-]{section.3.3}{\376\377\000M\000o\000d\000u\000l\000e\000\040\000G\000e\000s\000t\000i\000o\000n\000\040\000d\000e\000s\000\040\000S\000t\000o\000c\000k\000s\000\040\000\050\000E\000n\000t\000r\000\351\000e\000s\000\040\000/\000\040\000S\000o\000r\000t\000i\000e\000s\000\051}{chapter.3}% 17
\BOOKMARK [2][-]{subsection.3.3.1}{\376\377\000L\000i\000v\000r\000a\000i\000s\000o\000n\000s\000\040\000\050\000/\000a\000p\000i\000/\000c\000o\000m\000p\000t\000a\000\137\000m\000a\000t\000i\000e\000r\000e\000/\000l\000i\000v\000r\000a\000i\000s\000o\000n\000s\000/\000\051}{section.3.3}% 18
\BOOKMARK [2][-]{subsection.3.3.2}{\376\377\000S\000o\000r\000t\000i\000e\000s\000\040\000\050\000/\000a\000p\000i\000/\000c\000o\000m\000p\000t\000a\000\137\000m\000a\000t\000i\000e\000r\000e\000/\000s\000o\000r\000t\000i\000e\000s\000/\000\051}{section.3.3}% 19
\BOOKMARK [1][-]{section.3.4}{\376\377\000M\000o\000d\000u\000l\000e\000\040\000I\000n\000v\000e\000n\000t\000a\000i\000r\000e}{chapter.3}% 20
\BOOKMARK [1][-]{section.3.5}{\376\377\000M\000o\000d\000u\000l\000e\000\040\000R\000a\000p\000p\000o\000r\000t\000s\000\040\000e\000t\000\040\000C\000o\000m\000m\000u\000n\000i\000c\000a\000t\000i\000o\000n}{chapter.3}% 21
\BOOKMARK [1][-]{section.3.6}{\376\377\000G\000e\000s\000t\000i\000o\000n\000\040\000d\000e\000s\000\040\000e\000r\000r\000e\000u\000r\000s\000\040\000e\000t\000\040\000a\000u\000t\000h\000e\000n\000t\000i\000f\000i\000c\000a\000t\000i\000o\000n}{chapter.3}% 22
\BOOKMARK [0][-]{chapter.4}{\376\377\000C\000h\000o\000i\000x\000\040\000T\000e\000c\000h\000n\000i\000q\000u\000e\000s}{part.1}% 23
\BOOKMARK [1][-]{section.4.1}{\376\377\000P\000o\000u\000r\000q\000u\000o\000i\000\040\000D\000j\000a\000n\000g\000o\000\040\000e\000t\000\040\000D\000R\000F\000\040\000?}{chapter.4}% 24
\BOOKMARK [1][-]{section.4.2}{\376\377\000P\000o\000u\000r\000q\000u\000o\000i\000\040\000P\000o\000s\000t\000g\000r\000e\000S\000Q\000L\000\040\000?}{chapter.4}% 25
\BOOKMARK [1][-]{section.4.3}{\376\377\000P\000o\000u\000r\000q\000u\000o\000i\000\040\000c\000e\000t\000t\000e\000\040\000s\000t\000r\000u\000c\000t\000u\000r\000e\000\040\000m\000o\000d\000u\000l\000a\000i\000r\000e\000\040\000?}{chapter.4}% 26
\BOOKMARK [0][-]{chapter.5}{\376\377\000E\000x\000e\000m\000p\000l\000e\000s\000\040\000d\000e\000\040\000R\000e\000q\000u\000\352\000t\000e\000s\000\040\000/\000\040\000R\000\351\000p\000o\000n\000s\000e\000s\000\040\000A\000P\000I}{part.1}% 27
\BOOKMARK [1][-]{section.5.1}{\376\377\000C\000r\000\351\000e\000r\000\040\000u\000n\000\040\000m\000a\000t\000\351\000r\000i\000e\000l}{chapter.5}% 28
\BOOKMARK [1][-]{section.5.2}{\376\377\000E\000n\000r\000e\000g\000i\000s\000t\000r\000e\000r\000\040\000u\000n\000e\000\040\000l\000i\000v\000r\000a\000i\000s\000o\000n}{chapter.5}% 29
\BOOKMARK [1][-]{section.5.3}{\376\377\000E\000f\000f\000e\000c\000t\000u\000e\000r\000\040\000u\000n\000e\000\040\000s\000o\000r\000t\000i\000e\000\040\000\050\000e\000r\000r\000e\000u\000r\000\040\000s\000t\000o\000c\000k\000\040\000i\000n\000s\000u\000f\000f\000i\000s\000a\000n\000t\000\051}{chapter.5}% 30
\BOOKMARK [1][-]{section.5.4}{\376\377\000M\000o\000d\000i\000f\000i\000e\000r\000\040\000l\000e\000\040\000s\000t\000a\000t\000u\000t\000\040\000d\000'\000u\000n\000\040\000b\000e\000s\000o\000i\000n}{chapter.5}% 31
\BOOKMARK [-1][-]{part.2}{\376\377\000I\000I\000\040\000T\000e\000s\000t\000s}{}% 32
\BOOKMARK [0][-]{chapter.6}{\376\377\000T\000y\000p\000e\000s\000\040\000d\000e\000\040\000T\000e\000s\000t\000s\000\040\000R\000\351\000a\000l\000i\000s\000\351\000s}{part.2}% 33
\BOOKMARK [1][-]{section.6.1}{\376\377\000T\000e\000s\000t\000s\000\040\000u\000n\000i\000t\000a\000i\000r\000e\000s}{chapter.6}% 34
\BOOKMARK [1][-]{section.6.2}{\376\377\000T\000e\000s\000t\000s\000\040\000d\000'\000i\000n\000t\000\351\000g\000r\000a\000t\000i\000o\000n}{chapter.6}% 35
\BOOKMARK [1][-]{section.6.3}{\376\377\000T\000e\000s\000t\000s\000\040\000f\000o\000n\000c\000t\000i\000o\000n\000n\000e\000l\000s\000\040\000\050\000l\000o\000g\000i\000q\000u\000e\000\040\000m\000\351\000t\000i\000e\000r\000\051}{chapter.6}% 36
\BOOKMARK [0][-]{chapter.7}{\376\377\000O\000u\000t\000i\000l\000s\000\040\000d\000e\000\040\000T\000e\000s\000t}{part.2}% 37
\BOOKMARK [0][-]{chapter.8}{\376\377\000S\000c\000\351\000n\000a\000r\000i\000o\000s\000\040\000d\000e\000\040\000T\000e\000s\000t}{part.2}% 38
\BOOKMARK [1][-]{section.8.1}{\376\377\000G\000e\000s\000t\000i\000o\000n\000\040\000d\000e\000s\000\040\000m\000a\000t\000\351\000r\000i\000e\000l\000s}{chapter.8}% 39
\BOOKMARK [1][-]{section.8.2}{\376\377\000F\000l\000u\000x\000\040\000d\000e\000\040\000l\000i\000v\000r\000a\000i\000s\000o\000n\000\040\000\050\000e\000n\000t\000r\000\351\000e\000\040\000d\000e\000\040\000s\000t\000o\000c\000k\000\051}{chapter.8}% 40
\BOOKMARK [1][-]{section.8.3}{\376\377\000F\000l\000u\000x\000\040\000d\000e\000\040\000s\000o\000r\000t\000i\000e\000\040\000\050\000s\000o\000r\000t\000i\000e\000\040\000d\000e\000\040\000s\000t\000o\000c\000k\000\051}{chapter.8}% 41
\BOOKMARK [1][-]{section.8.4}{\376\377\000C\000a\000l\000c\000u\000l\000\040\000a\000u\000t\000o\000m\000a\000t\000i\000q\000u\000e\000\040\000d\000e\000s\000\040\000t\000o\000t\000a\000u\000x}{chapter.8}% 42
\BOOKMARK [1][-]{section.8.5}{\376\377\000A\000P\000I\000\040\000R\000E\000S\000T}{chapter.8}% 43
\BOOKMARK [0][-]{chapter.9}{\376\377\000R\000\351\000s\000u\000l\000t\000a\000t\000s\000\040\000O\000b\000t\000e\000n\000u\000s}{part.2}% 44
\BOOKMARK [0][-]{chapter.10}{\376\377\000T\000a\000b\000l\000e\000a\000u\000\040\000R\000\351\000c\000a\000p\000i\000t\000u\000l\000a\000t\000i\000f\000\040\000d\000e\000s\000\040\000T\000e\000s\000t\000s}{part.2}% 45
